2025-05-14 08:50:46.891  INFO 10700 --- [main] viewnext.practica5.Practica5Application  : Starting Practica5Application using Java 17.0.11 on PF2LVY8Q with PID 10700 (C:\Users\6003529\Desktop\practica5(1)\target\classes started by 6003529 in C:\Users\6003529\Desktop\practica5(1))
2025-05-14 08:50:46.918  INFO 10700 --- [main] viewnext.practica5.Practica5Application  : No active profile set, falling back to 1 default profile: "default"
2025-05-14 08:50:48.475  INFO 10700 --- [main] .s.d.r.c.RepositoryConfigurationDelegate : Bootstrapping Spring Data JPA repositories in DEFAULT mode.
2025-05-14 08:50:48.631  INFO 10700 --- [main] .s.d.r.c.RepositoryConfigurationDelegate : Finished Spring Data repository scanning in 131 ms. Found 3 JPA repository interfaces.
2025-05-14 08:50:50.171  INFO 10700 --- [main] o.s.b.w.embedded.tomcat.TomcatWebServer  : Tomcat initialized with port(s): 8080 (http)
2025-05-14 08:50:50.197  INFO 10700 --- [main] o.apache.catalina.core.StandardService   : Starting service [Tomcat]
2025-05-14 08:50:50.197  INFO 10700 --- [main] org.apache.catalina.core.StandardEngine  : Starting Servlet engine: [Apache Tomcat/9.0.83]
2025-05-14 08:50:50.525  INFO 10700 --- [main] o.a.c.c.C.[Tomcat].[localhost].[/]       : Initializing Spring embedded WebApplicationContext
2025-05-14 08:50:50.525  INFO 10700 --- [main] w.s.c.ServletWebServerApplicationContext : Root WebApplicationContext: initialization completed in 3423 ms
2025-05-14 08:50:50.589  INFO 10700 --- [main] com.zaxxer.hikari.HikariDataSource       : HikariPool-1 - Starting...
2025-05-14 08:50:51.022  INFO 10700 --- [main] com.zaxxer.hikari.HikariDataSource       : HikariPool-1 - Start completed.
2025-05-14 08:50:51.036  INFO 10700 --- [main] o.s.b.a.h2.H2ConsoleAutoConfiguration    : H2 console available at '/h2-console'. Database available at 'jdbc:h2:mem:testDB'
2025-05-14 08:50:51.529  INFO 10700 --- [main] o.hibernate.jpa.internal.util.LogHelper  : HHH000204: Processing PersistenceUnitInfo [name: default]
2025-05-14 08:50:51.656  INFO 10700 --- [main] org.hibernate.Version                    : HHH000412: Hibernate ORM core version 5.6.15.Final
2025-05-14 08:50:52.024  INFO 10700 --- [main] o.hibernate.annotations.common.Version   : HCANN000001: Hibernate Commons Annotations {5.1.2.Final}
2025-05-14 08:50:52.264  INFO 10700 --- [main] org.hibernate.dialect.Dialect            : HHH000400: Using dialect: org.hibernate.dialect.H2Dialect
2025-05-14 08:50:53.247  INFO 10700 --- [main] o.h.e.t.j.p.i.JtaPlatformInitiator       : HHH000490: Using JtaPlatform implementation: [org.hibernate.engine.transaction.jta.platform.internal.NoJtaPlatform]
2025-05-14 08:50:53.281  INFO 10700 --- [main] j.LocalContainerEntityManagerFactoryBean : Initialized JPA EntityManagerFactory for persistence unit 'default'
2025-05-14 08:50:54.534  WARN 10700 --- [main] o.s.b.c.s.b.FaultTolerantStepBuilder     : Asynchronous TaskExecutor detected with ItemStream reader.  This is probably an error, and may lead to incorrect restart data being stored.
2025-05-14 08:50:54.659  WARN 10700 --- [main] JpaBaseConfiguration$JpaWebConfiguration : spring.jpa.open-in-view is enabled by default. Therefore, database queries may be performed during view rendering. Explicitly configure spring.jpa.open-in-view to disable this warning
2025-05-14 08:50:55.168  WARN 10700 --- [main] o.s.b.a.batch.JpaBatchConfigurer         : JPA does not support custom isolation levels, so locks may not be taken when launching Jobs. To silence this warning, set 'spring.batch.jdbc.isolation-level-for-create' to 'default'.
2025-05-14 08:50:55.168  INFO 10700 --- [main] o.s.b.c.r.s.JobRepositoryFactoryBean     : No database type set, using meta data indicating: H2
2025-05-14 08:50:55.215  INFO 10700 --- [main] o.s.b.c.l.support.SimpleJobLauncher      : No TaskExecutor has been set, defaulting to synchronous executor.
2025-05-14 08:50:55.439  INFO 10700 --- [main] o.s.b.w.embedded.tomcat.TomcatWebServer  : Tomcat started on port(s): 8080 (http) with context path ''
2025-05-14 08:50:55.455  INFO 10700 --- [main] viewnext.practica5.Practica5Application  : Started Practica5Application in 9.818 seconds (JVM running for 11.002)
2025-05-14 08:50:55.464  INFO 10700 --- [main] o.s.b.a.b.JobLauncherApplicationRunner   : Running default command line with: []
2025-05-14 08:50:55.564  INFO 10700 --- [main] o.s.b.c.l.support.SimpleJobLauncher      : Job: [SimpleJob: [name=cargarTodasLasCallesJob]] launched with the following parameters: [{run.id=1}]
2025-05-14 08:50:55.630  INFO 10700 --- [main] o.s.batch.core.job.SimpleStepHandler     : Executing step: [cargarCallesStep]
2025-05-14 08:50:59.545  INFO 10700 --- [main] o.s.batch.core.step.AbstractStep         : Step: [cargarCallesStep] executed in 3s915ms
2025-05-14 08:50:59.545  INFO 10700 --- [main] o.s.b.c.l.support.SimpleJobLauncher      : Job: [SimpleJob: [name=cargarTodasLasCallesJob]] completed with the following parameters: [{run.id=1}] and the following status: [COMPLETED] in 3s946ms
2025-05-14 08:50:59.561  INFO 10700 --- [main] o.s.b.c.l.support.SimpleJobLauncher      : Job: [SimpleJob: [name=exportarCallesYDistritosJob]] launched with the following parameters: [{run.id=1}]
2025-05-14 08:50:59.561  INFO 10700 --- [main] o.s.batch.core.job.SimpleStepHandler     : Executing step: [exportarCallesStep]
2025-05-14 08:51:03.364  INFO 10700 --- [main] o.s.batch.core.step.AbstractStep         : Step: [exportarCallesStep] executed in 3s803ms
2025-05-14 08:51:03.380  INFO 10700 --- [main] o.s.batch.core.job.SimpleStepHandler     : Executing step: [exportarDistritosStep]
2025-05-14 08:51:03.447  INFO 10700 --- [main] o.s.batch.core.step.AbstractStep         : Step: [exportarDistritosStep] executed in 67ms
2025-05-14 08:51:03.456  INFO 10700 --- [main] o.s.b.c.l.support.SimpleJobLauncher      : Job: [SimpleJob: [name=exportarCallesYDistritosJob]] completed with the following parameters: [{run.id=1}] and the following status: [COMPLETED] in 3s895ms
2025-05-14 08:51:03.456  INFO 10700 --- [main] o.s.b.c.l.support.SimpleJobLauncher      : Job: [SimpleJob: [name=filtrarCallesPorEsteJob]] launched with the following parameters: [{run.id=1}]
2025-05-14 08:51:03.464  INFO 10700 --- [main] o.s.batch.core.job.SimpleStepHandler     : Executing step: [filtrarCallesStep]
2025-05-14 08:51:04.933  INFO 10700 --- [main] o.s.batch.core.step.AbstractStep         : Step: [filtrarCallesStep] executed in 1s469ms
2025-05-14 08:51:04.933  INFO 10700 --- [main] o.s.b.c.l.support.SimpleJobLauncher      : Job: [SimpleJob: [name=filtrarCallesPorEsteJob]] completed with the following parameters: [{run.id=1}] and the following status: [COMPLETED] in 1s469ms
2025-05-14 08:51:04.942  INFO 10700 --- [main] o.s.b.c.l.support.SimpleJobLauncher      : Job: [SimpleJob: [name=generarDistritosJob]] launched with the following parameters: [{run.id=1}]
2025-05-14 08:51:04.947  INFO 10700 --- [main] o.s.batch.core.job.SimpleStepHandler     : Executing step: [generarDistritosStep]
2025-05-14 08:51:05.014  INFO 10700 --- [main] o.s.batch.core.step.AbstractStep         : Step: [generarDistritosStep] executed in 67ms
2025-05-14 08:51:05.014  INFO 10700 --- [main] o.s.b.c.l.support.SimpleJobLauncher      : Job: [SimpleJob: [name=generarDistritosJob]] completed with the following parameters: [{run.id=1}] and the following status: [COMPLETED] in 72ms
2025-05-14 08:51:05.014  INFO 10700 --- [main] o.s.b.c.l.support.SimpleJobLauncher      : Job: [SimpleJob: [name=importarCallesUnMillonJob]] launched with the following parameters: [{run.id=1}]
2025-05-14 08:51:05.031  INFO 10700 --- [main] o.s.batch.core.job.SimpleStepHandler     : Executing step: [importarCallesPasoNormal]
2025-05-14 08:51:31.556  INFO 10700 --- [http-nio-8080-exec-2] o.a.c.c.C.[Tomcat].[localhost].[/]       : Initializing Spring DispatcherServlet 'dispatcherServlet'
2025-05-14 08:51:31.556  INFO 10700 --- [http-nio-8080-exec-2] o.s.web.servlet.DispatcherServlet        : Initializing Servlet 'dispatcherServlet'
2025-05-14 08:51:31.556  INFO 10700 --- [http-nio-8080-exec-2] o.s.web.servlet.DispatcherServlet        : Completed initialization in 0 ms
2025-05-14 08:51:38.860  INFO 10700 --- [main] o.s.batch.core.step.AbstractStep         : Step: [importarCallesPasoNormal] executed in 33s829ms
2025-05-14 08:51:38.864  INFO 10700 --- [main] o.s.batch.core.job.SimpleStepHandler     : Executing step: [importarCallesPasoMultihilo]
2025-05-14 08:51:38.868  WARN 10700 --- [main] o.s.batch.core.step.item.ChunkMonitor    : No ItemReader set (must be concurrent step), so ignoring offset data.
2025-05-14 08:51:57.549  WARN 10700 --- [task-1] o.s.batch.core.step.item.ChunkMonitor    : ItemStream was opened in a different thread.  Restart data could be compromised.
2025-05-14 08:51:57.596  WARN 10700 --- [task-5] o.s.batch.core.step.item.ChunkMonitor    : ItemStream was opened in a different thread.  Restart data could be compromised.
2025-05-14 08:51:57.598  WARN 10700 --- [task-6] o.s.batch.core.step.item.ChunkMonitor    : ItemStream was opened in a different thread.  Restart data could be compromised.
2025-05-14 08:51:57.600  WARN 10700 --- [task-3] o.s.batch.core.step.item.ChunkMonitor    : ItemStream was opened in a different thread.  Restart data could be compromised.
2025-05-14 08:51:57.608  WARN 10700 --- [task-7] o.s.batch.core.step.item.ChunkMonitor    : ItemStream was opened in a different thread.  Restart data could be compromised.
2025-05-14 08:51:57.611  WARN 10700 --- [task-2] o.s.batch.core.step.item.ChunkMonitor    : ItemStream was opened in a different thread.  Restart data could be compromised.
2025-05-14 08:51:57.623  WARN 10700 --- [task-4] o.s.batch.core.step.item.ChunkMonitor    : ItemStream was opened in a different thread.  Restart data could be compromised.
2025-05-14 08:51:57.625  WARN 10700 --- [task-8] o.s.batch.core.step.item.ChunkMonitor    : ItemStream was opened in a different thread.  Restart data could be compromised.
2025-05-14 08:52:06.992  INFO 10700 --- [main] o.s.batch.core.step.AbstractStep         : Step: [importarCallesPasoMultihilo] executed in 28s126ms
2025-05-14 08:52:06.996  INFO 10700 --- [main] o.s.b.c.l.support.SimpleJobLauncher      : Job: [SimpleJob: [name=importarCallesUnMillonJob]] completed with the following parameters: [{run.id=1}] and the following status: [COMPLETED] in 1m1s980ms
2025-05-14 08:52:07.003  INFO 10700 --- [main] o.s.b.c.l.support.SimpleJobLauncher      : Job: [SimpleJob: [name=importarCsvCompletoJob]] launched with the following parameters: [{run.id=1}]
2025-05-14 08:52:07.009  INFO 10700 --- [main] o.s.batch.core.job.SimpleStepHandler     : Executing step: [importarCsvCompletoStep]
2025-05-14 08:52:08.091  INFO 10700 --- [main] o.s.batch.core.step.AbstractStep         : Step: [importarCsvCompletoStep] executed in 1s81ms
2025-05-14 08:52:08.095  INFO 10700 --- [main] o.s.b.c.l.support.SimpleJobLauncher      : Job: [SimpleJob: [name=importarCsvCompletoJob]] completed with the following parameters: [{run.id=1}] and the following status: [COMPLETED] in 1s91ms
2025-05-14 08:52:08.101  INFO 10700 --- [main] o.s.b.c.l.support.SimpleJobLauncher      : Job: [SimpleJob: [name=importarUsuariosJob]] launched with the following parameters: [{run.id=1}]
2025-05-14 08:52:08.106  INFO 10700 --- [main] o.s.batch.core.job.SimpleStepHandler     : Executing step: [importarUsuariosStep]
2025-05-14 08:52:08.133  INFO 10700 --- [main] o.s.batch.core.step.AbstractStep         : Step: [importarUsuariosStep] executed in 27ms
2025-05-14 08:52:08.135  INFO 10700 --- [main] o.s.b.c.l.support.SimpleJobLauncher      : Job: [SimpleJob: [name=importarUsuariosJob]] completed with the following parameters: [{run.id=1}] and the following status: [COMPLETED] in 32ms
2025-05-14 09:06:30.263  INFO 10700 --- [SpringApplicationShutdownHook] j.LocalContainerEntityManagerFactoryBean : Closing JPA EntityManagerFactory for persistence unit 'default'
2025-05-14 09:06:30.263  INFO 10700 --- [SpringApplicationShutdownHook] com.zaxxer.hikari.HikariDataSource       : HikariPool-1 - Shutdown initiated...
2025-05-14 09:06:30.273  INFO 10700 --- [SpringApplicationShutdownHook] com.zaxxer.hikari.HikariDataSource       : HikariPool-1 - Shutdown completed.
